// Jest Snapshot v1, https://goo.gl/fbAQLP

exports[`Home renders homepage unchanged 1`] = `
<div>
  <div>
    <ul
      class="list"
    >
      <li
        class="item"
      >
        <img
          alt="Networking for introverts"
          src="/images/introvert-event.jpg"
        />
        <div
          class="content"
        >
          <div
            class="summary"
          >
            <h2>
              Networking for introverts
            </h2>
            <div
              class="date"
            >
              <time>
                May 30, 2021
              </time>
            </div>
            <div
              class="address"
            >
              <address>
                New Wall Street 5
98765 New Work
              </address>
            </div>
          </div>
          <div
            class="actions"
          >
            <a
              class="btn"
              href="/events/e2"
            >
              Explore Event
            </a>
          </div>
        </div>
      </li>
      <li
        class="item"
      >
        <img
          alt="Networking for extroverts"
          src="/images/extrovert-event.jpg"
        />
        <div
          class="content"
        >
          <div
            class="summary"
          >
            <h2>
              Networking for extroverts
            </h2>
            <div
              class="date"
            >
              <time>
                April 10, 2022
              </time>
            </div>
            <div
              class="address"
            >
              <address>
                My Street 12
10115 Broke City
              </address>
            </div>
          </div>
          <div
            class="actions"
          >
            <a
              class="btn"
              href="/events/e3"
            >
              Explore Event
            </a>
          </div>
        </div>
      </li>
    </ul>
  </div>
</div>
`;
